This is pdfTeX, Version 3.141592653-2.6-1.40.28 (MiKTeX 25.12) (preloaded format=pdflatex 2026.8.25)  25 AUG 2026 13:20
entering extended mode
 restricted \write18 enabled.
 %&-line parsing enabled.
**./output/selection-sort/selection-sort.tex
(output/selection-sort/selection-sort.tex
LaTeX2e <2025-11-01>
L3 programming layer <2025-12-24>
(C:\Users\AFRAA\AppData\Local\Programs\MiKTeX\tex/latex/base\article.cls
Document Class: article 2025/01/22 v1.4n Standard LaTeX document class
(C:\Users\AFRAA\AppData\Local\Programs\MiKTeX\tex/latex/base\size10.clo
File: size10.clo 2025/01/22 v1.4n Standard LaTeX file (size option)
)
\c@part=\count275
\c@section=\count276
\c@subsection=\count277
\c@subsubsection=\count278
\c@paragraph=\count279
\c@subparagraph=\count280
\c@figure=\count281
\c@table=\count282
\abovecaptionskip=\skip49
\belowcaptionskip=\skip50
\bibindent=\dimen148
)
(C:\Users\AFRAA\AppData\Local\Programs\MiKTeX\tex/latex/pgf/frontendlayer\tikz.
sty
(C:\Users\AFRAA\AppData\Local\Programs\MiKTeX\tex/latex/pgf/basiclayer\pgf.sty
(C:\Users\AFRAA\AppData\Local\Programs\MiKTeX\tex/latex/pgf/utilities\pgfrcs.st
y
(C:\Users\AFRAA\AppData\Local\Programs\MiKTeX\tex/generic/pgf/utilities\pgfutil
-common.tex
\pgfutil@everybye=\toks17
\pgfutil@tempdima=\dimen149
\pgfutil@tempdimb=\dimen150
)
(C:\Users\AFRAA\AppData\Local\Programs\MiKTeX\tex/generic/pgf/utilities\pgfutil
-latex.def
\pgfutil@abb=\box53
)
(C:\Users\AFRAA\AppData\Local\Programs\MiKTeX\tex/generic/pgf/utilities\pgfrcs.
code.tex
(C:\Users\AFRAA\AppData\Local\Programs\MiKTeX\tex/generic/pgf\pgf.revision.tex)
Package: pgfrcs 2025-08-29 v3.1.11a (3.1.11a)
))
Package: pgf 2025-08-29 v3.1.11a (3.1.11a)

(C:\Users\AFRAA\AppData\Local\Programs\MiKTeX\tex/latex/pgf/basiclayer\pgfcore.
sty
(C:\Users\AFRAA\AppData\Local\Programs\MiKTeX\tex/latex/graphics\graphicx.sty
Package: graphicx 2024/12/31 v1.2e Enhanced LaTeX Graphics (DPC,SPQR)

(C:\Users\AFRAA\AppData\Local\Programs\MiKTeX\tex/latex/graphics\keyval.sty
Package: keyval 2022/05/29 v1.15 key=value parser (DPC)
\KV@toks@=\toks18
)
(C:\Users\AFRAA\AppData\Local\Programs\MiKTeX\tex/latex/graphics\graphics.sty
Package: graphics 2024/08/06 v1.4g Standard LaTeX Graphics (DPC,SPQR)

(C:\Users\AFRAA\AppData\Local\Programs\MiKTeX\tex/latex/graphics\trig.sty
Package: trig 2023/12/02 v1.11 sin cos tan (DPC)
)
(C:\Users\AFRAA\AppData\Local\Programs\MiKTeX\tex/latex/graphics-cfg\graphics.c
fg
File: graphics.cfg 2016/06/04 v1.11 sample graphics configuration
)
Package graphics Info: Driver file: pdftex.def on input line 106.

(C:\Users\AFRAA\AppData\Local\Programs\MiKTeX\tex/latex/graphics-def\pdftex.def
File: pdftex.def 2025/09/29 v1.2d Graphics/color driver for pdftex
))
\Gin@req@height=\dimen151
\Gin@req@width=\dimen152
)
(C:\Users\AFRAA\AppData\Local\Programs\MiKTeX\tex/latex/pgf/systemlayer\pgfsys.
sty
(C:\Users\AFRAA\AppData\Local\Programs\MiKTeX\tex/generic/pgf/systemlayer\pgfsy
s.code.tex
Package: pgfsys 2025-08-29 v3.1.11a (3.1.11a)

(C:\Users\AFRAA\AppData\Local\Programs\MiKTeX\tex/generic/pgf/utilities\pgfkeys
.code.tex
\pgfkeys@pathtoks=\toks19
\pgfkeys@temptoks=\toks20

(C:\Users\AFRAA\AppData\Local\Programs\MiKTeX\tex/generic/pgf/utilities\pgfkeys
libraryfiltered.code.tex
\pgfkeys@tmptoks=\toks21
))
\pgf@x=\dimen153
\pgf@y=\dimen154
\pgf@xa=\dimen155
\pgf@ya=\dimen156
\pgf@xb=\dimen157
\pgf@yb=\dimen158
\pgf@xc=\dimen159
\pgf@yc=\dimen160
\pgf@xd=\dimen161
\pgf@yd=\dimen162
\w@pgf@writea=\write3
\r@pgf@reada=\read2
\c@pgf@counta=\count283
\c@pgf@countb=\count284
\c@pgf@countc=\count285
\c@pgf@countd=\count286
\t@pgf@toka=\toks22
\t@pgf@tokb=\toks23
\t@pgf@tokc=\toks24
\pgf@sys@id@count=\count287

(C:\Users\AFRAA\AppData\Local\Programs\MiKTeX\tex/generic/pgf/systemlayer\pgf.c
fg
File: pgf.cfg 2025-08-29 v3.1.11a (3.1.11a)
)
Driver file for pgf: pgfsys-pdftex.def

(C:\Users\AFRAA\AppData\Local\Programs\MiKTeX\tex/generic/pgf/systemlayer\pgfsy
s-pdftex.def
File: pgfsys-pdftex.def 2025-08-29 v3.1.11a (3.1.11a)

(C:\Users\AFRAA\AppData\Local\Programs\MiKTeX\tex/generic/pgf/systemlayer\pgfsy
s-common-pdf.def
File: pgfsys-common-pdf.def 2025-08-29 v3.1.11a (3.1.11a)
)))
(C:\Users\AFRAA\AppData\Local\Programs\MiKTeX\tex/generic/pgf/systemlayer\pgfsy
ssoftpath.code.tex
File: pgfsyssoftpath.code.tex 2025-08-29 v3.1.11a (3.1.11a)
\pgfsyssoftpath@smallbuffer@items=\count288
\pgfsyssoftpath@bigbuffer@items=\count289
)
(C:\Users\AFRAA\AppData\Local\Programs\MiKTeX\tex/generic/pgf/systemlayer\pgfsy
sprotocol.code.tex
File: pgfsysprotocol.code.tex 2025-08-29 v3.1.11a (3.1.11a)
))
(C:\Users\AFRAA\AppData\Local\Programs\MiKTeX\tex/latex/xcolor\xcolor.sty
Package: xcolor 2024/09/29 v3.02 LaTeX color extensions (UK)

(C:\Users\AFRAA\AppData\Local\Programs\MiKTeX\tex/latex/graphics-cfg\color.cfg
File: color.cfg 2016/01/02 v1.6 sample color configuration
)
Package xcolor Info: Driver file: pdftex.def on input line 274.
(C:\Users\AFRAA\AppData\Local\Programs\MiKTeX\tex/latex/graphics\mathcolor.ltx)
Package xcolor Info: Model `cmy' substituted by `cmy0' on input line 1349.
Package xcolor Info: Model `hsb' substituted by `rgb' on input line 1353.
Package xcolor Info: Model `RGB' extended on input line 1365.
Package xcolor Info: Model `HTML' substituted by `rgb' on input line 1367.
Package xcolor Info: Model `Hsb' substituted by `hsb' on input line 1368.
Package xcolor Info: Model `tHsb' substituted by `hsb' on input line 1369.
Package xcolor Info: Model `HSB' substituted by `hsb' on input line 1370.
Package xcolor Info: Model `Gray' substituted by `gray' on input line 1371.
Package xcolor Info: Model `wave' substituted by `hsb' on input line 1372.
)
(C:\Users\AFRAA\AppData\Local\Programs\MiKTeX\tex/generic/pgf/basiclayer\pgfcor
e.code.tex
Package: pgfcore 2025-08-29 v3.1.11a (3.1.11a)

(C:\Users\AFRAA\AppData\Local\Programs\MiKTeX\tex/generic/pgf/math\pgfmath.code
.tex
(C:\Users\AFRAA\AppData\Local\Programs\MiKTeX\tex/generic/pgf/math\pgfmathutil.
code.tex)
(C:\Users\AFRAA\AppData\Local\Programs\MiKTeX\tex/generic/pgf/math\pgfmathparse
r.code.tex
\pgfmath@dimen=\dimen163
\pgfmath@count=\count290
\pgfmath@box=\box54
\pgfmath@toks=\toks25
\pgfmath@stack@operand=\toks26
\pgfmath@stack@operation=\toks27
)
(C:\Users\AFRAA\AppData\Local\Programs\MiKTeX\tex/generic/pgf/math\pgfmathfunct
ions.code.tex)
(C:\Users\AFRAA\AppData\Local\Programs\MiKTeX\tex/generic/pgf/math\pgfmathfunct
ions.basic.code.tex)
(C:\Users\AFRAA\AppData\Local\Programs\MiKTeX\tex/generic/pgf/math\pgfmathfunct
ions.trigonometric.code.tex)
(C:\Users\AFRAA\AppData\Local\Programs\MiKTeX\tex/generic/pgf/math\pgfmathfunct
ions.random.code.tex)
(C:\Users\AFRAA\AppData\Local\Programs\MiKTeX\tex/generic/pgf/math\pgfmathfunct
ions.comparison.code.tex)
(C:\Users\AFRAA\AppData\Local\Programs\MiKTeX\tex/generic/pgf/math\pgfmathfunct
ions.base.code.tex)
(C:\Users\AFRAA\AppData\Local\Programs\MiKTeX\tex/generic/pgf/math\pgfmathfunct
ions.round.code.tex)
(C:\Users\AFRAA\AppData\Local\Programs\MiKTeX\tex/generic/pgf/math\pgfmathfunct
ions.misc.code.tex)
(C:\Users\AFRAA\AppData\Local\Programs\MiKTeX\tex/generic/pgf/math\pgfmathfunct
ions.integerarithmetics.code.tex)
(C:\Users\AFRAA\AppData\Local\Programs\MiKTeX\tex/generic/pgf/math\pgfmathcalc.
code.tex)
(C:\Users\AFRAA\AppData\Local\Programs\MiKTeX\tex/generic/pgf/math\pgfmathfloat
.code.tex
\c@pgfmathroundto@lastzeros=\count291
))
(C:\Users\AFRAA\AppData\Local\Programs\MiKTeX\tex/generic/pgf/math\pgfint.code.
tex)
(C:\Users\AFRAA\AppData\Local\Programs\MiKTeX\tex/generic/pgf/basiclayer\pgfcor
epoints.code.tex
File: pgfcorepoints.code.tex 2025-08-29 v3.1.11a (3.1.11a)
\pgf@picminx=\dimen164
\pgf@picmaxx=\dimen165
\pgf@picminy=\dimen166
\pgf@picmaxy=\dimen167
\pgf@pathminx=\dimen168
\pgf@pathmaxx=\dimen169
\pgf@pathminy=\dimen170
\pgf@pathmaxy=\dimen171
\pgf@xx=\dimen172
\pgf@xy=\dimen173
\pgf@yx=\dimen174
\pgf@yy=\dimen175
\pgf@zx=\dimen176
\pgf@zy=\dimen177
)
(C:\Users\AFRAA\AppData\Local\Programs\MiKTeX\tex/generic/pgf/basiclayer\pgfcor
epathconstruct.code.tex
File: pgfcorepathconstruct.code.tex 2025-08-29 v3.1.11a (3.1.11a)
\pgf@path@lastx=\dimen178
\pgf@path@lasty=\dimen179
)
(C:\Users\AFRAA\AppData\Local\Programs\MiKTeX\tex/generic/pgf/basiclayer\pgfcor
epathusage.code.tex
File: pgfcorepathusage.code.tex 2025-08-29 v3.1.11a (3.1.11a)
\pgf@shorten@end@additional=\dimen180
\pgf@shorten@start@additional=\dimen181
)
(C:\Users\AFRAA\AppData\Local\Programs\MiKTeX\tex/generic/pgf/basiclayer\pgfcor
escopes.code.tex
File: pgfcorescopes.code.tex 2025-08-29 v3.1.11a (3.1.11a)
\pgfpic=\box55
\pgf@hbox=\box56
\pgf@layerbox@main=\box57
\pgf@picture@serial@count=\count292
)
(C:\Users\AFRAA\AppData\Local\Programs\MiKTeX\tex/generic/pgf/basiclayer\pgfcor
egraphicstate.code.tex
File: pgfcoregraphicstate.code.tex 2025-08-29 v3.1.11a (3.1.11a)
\pgflinewidth=\dimen182
)
(C:\Users\AFRAA\AppData\Local\Programs\MiKTeX\tex/generic/pgf/basiclayer\pgfcor
etransformations.code.tex
File: pgfcoretransformations.code.tex 2025-08-29 v3.1.11a (3.1.11a)
\pgf@pt@x=\dimen183
\pgf@pt@y=\dimen184
\pgf@pt@temp=\dimen185
)
(C:\Users\AFRAA\AppData\Local\Programs\MiKTeX\tex/generic/pgf/basiclayer\pgfcor
equick.code.tex
File: pgfcorequick.code.tex 2025-08-29 v3.1.11a (3.1.11a)
)
(C:\Users\AFRAA\AppData\Local\Programs\MiKTeX\tex/generic/pgf/basiclayer\pgfcor
eobjects.code.tex
File: pgfcoreobjects.code.tex 2025-08-29 v3.1.11a (3.1.11a)
)
(C:\Users\AFRAA\AppData\Local\Programs\MiKTeX\tex/generic/pgf/basiclayer\pgfcor
epathprocessing.code.tex
File: pgfcorepathprocessing.code.tex 2025-08-29 v3.1.11a (3.1.11a)
)
(C:\Users\AFRAA\AppData\Local\Programs\MiKTeX\tex/generic/pgf/basiclayer\pgfcor
earrows.code.tex
File: pgfcorearrows.code.tex 2025-08-29 v3.1.11a (3.1.11a)
\pgfarrowsep=\dimen186
)
(C:\Users\AFRAA\AppData\Local\Programs\MiKTeX\tex/generic/pgf/basiclayer\pgfcor
eshade.code.tex
File: pgfcoreshade.code.tex 2025-08-29 v3.1.11a (3.1.11a)
\pgf@max=\dimen187
\pgf@sys@shading@range@num=\count293
\pgf@shadingcount=\count294
)
(C:\Users\AFRAA\AppData\Local\Programs\MiKTeX\tex/generic/pgf/basiclayer\pgfcor
eimage.code.tex
File: pgfcoreimage.code.tex 2025-08-29 v3.1.11a (3.1.11a)
)
(C:\Users\AFRAA\AppData\Local\Programs\MiKTeX\tex/generic/pgf/basiclayer\pgfcor
eexternal.code.tex
File: pgfcoreexternal.code.tex 2025-08-29 v3.1.11a (3.1.11a)
\pgfexternal@startupbox=\box58
)
(C:\Users\AFRAA\AppData\Local\Programs\MiKTeX\tex/generic/pgf/basiclayer\pgfcor
elayers.code.tex
File: pgfcorelayers.code.tex 2025-08-29 v3.1.11a (3.1.11a)
)
(C:\Users\AFRAA\AppData\Local\Programs\MiKTeX\tex/generic/pgf/basiclayer\pgfcor
etransparency.code.tex
File: pgfcoretransparency.code.tex 2025-08-29 v3.1.11a (3.1.11a)
)
(C:\Users\AFRAA\AppData\Local\Programs\MiKTeX\tex/generic/pgf/basiclayer\pgfcor
epatterns.code.tex
File: pgfcorepatterns.code.tex 2025-08-29 v3.1.11a (3.1.11a)
)
(C:\Users\AFRAA\AppData\Local\Programs\MiKTeX\tex/generic/pgf/basiclayer\pgfcor
erdf.code.tex
File: pgfcorerdf.code.tex 2025-08-29 v3.1.11a (3.1.11a)
)))
(C:\Users\AFRAA\AppData\Local\Programs\MiKTeX\tex/generic/pgf/modules\pgfmodule
shapes.code.tex
File: pgfmoduleshapes.code.tex 2025-08-29 v3.1.11a (3.1.11a)
\pgfnodeparttextbox=\box59
)
(C:\Users\AFRAA\AppData\Local\Programs\MiKTeX\tex/generic/pgf/modules\pgfmodule
plot.code.tex
File: pgfmoduleplot.code.tex 2025-08-29 v3.1.11a (3.1.11a)
)
(C:\Users\AFRAA\AppData\Local\Programs\MiKTeX\tex/latex/pgf/compatibility\pgfco
mp-version-0-65.sty
Package: pgfcomp-version-0-65 2025-08-29 v3.1.11a (3.1.11a)
\pgf@nodesepstart=\dimen188
\pgf@nodesepend=\dimen189
)
(C:\Users\AFRAA\AppData\Local\Programs\MiKTeX\tex/latex/pgf/compatibility\pgfco
mp-version-1-18.sty
Package: pgfcomp-version-1-18 2025-08-29 v3.1.11a (3.1.11a)
))
(C:\Users\AFRAA\AppData\Local\Programs\MiKTeX\tex/latex/pgf/utilities\pgffor.st
y
(C:\Users\AFRAA\AppData\Local\Programs\MiKTeX\tex/latex/pgf/utilities\pgfkeys.s
ty
(C:\Users\AFRAA\AppData\Local\Programs\MiKTeX\tex/generic/pgf/utilities\pgfkeys
.code.tex))
(C:\Users\AFRAA\AppData\Local\Programs\MiKTeX\tex/latex/pgf/math\pgfmath.sty
(C:\Users\AFRAA\AppData\Local\Programs\MiKTeX\tex/generic/pgf/math\pgfmath.code
.tex))
(C:\Users\AFRAA\AppData\Local\Programs\MiKTeX\tex/generic/pgf/utilities\pgffor.
code.tex
Package: pgffor 2025-08-29 v3.1.11a (3.1.11a)
\pgffor@iter=\dimen190
\pgffor@skip=\dimen191
\pgffor@stack=\toks28
\pgffor@toks=\toks29
))
(C:\Users\AFRAA\AppData\Local\Programs\MiKTeX\tex/generic/pgf/frontendlayer/tik
z\tikz.code.tex
Package: tikz 2025-08-29 v3.1.11a (3.1.11a)

(C:\Users\AFRAA\AppData\Local\Programs\MiKTeX\tex/generic/pgf/libraries\pgflibr
aryplothandlers.code.tex
File: pgflibraryplothandlers.code.tex 2025-08-29 v3.1.11a (3.1.11a)
\pgf@plot@mark@count=\count295
\pgfplotmarksize=\dimen192
)
\tikz@lastx=\dimen193
\tikz@lasty=\dimen194
\tikz@lastxsaved=\dimen195
\tikz@lastysaved=\dimen196
\tikz@lastmovetox=\dimen197
\tikz@lastmovetoy=\dimen198
\tikzleveldistance=\dimen199
\tikzsiblingdistance=\dimen256
\tikz@figbox=\box60
\tikz@figbox@bg=\box61
\tikz@tempbox=\box62
\tikz@tempbox@bg=\box63
\tikztreelevel=\count296
\tikznumberofchildren=\count297
\tikznumberofcurrentchild=\count298
\tikz@fig@count=\count299

(C:\Users\AFRAA\AppData\Local\Programs\MiKTeX\tex/generic/pgf/modules\pgfmodule
matrix.code.tex
File: pgfmodulematrix.code.tex 2025-08-29 v3.1.11a (3.1.11a)
\pgfmatrixcurrentrow=\count300
\pgfmatrixcurrentcolumn=\count301
\pgf@matrix@numberofcolumns=\count302
)
\tikz@expandcount=\count303

(C:\Users\AFRAA\AppData\Local\Programs\MiKTeX\tex/generic/pgf/frontendlayer/tik
z/libraries\tikzlibrarytopaths.code.tex
File: tikzlibrarytopaths.code.tex 2025-08-29 v3.1.11a (3.1.11a)
)))
(C:\Users\AFRAA\AppData\Local\Programs\MiKTeX\tex/generic/pgf/frontendlayer/tik
z/libraries\tikzlibrarymatrix.code.tex
File: tikzlibrarymatrix.code.tex 2025-08-29 v3.1.11a (3.1.11a)
)
(C:\Users\AFRAA\AppData\Local\Programs\MiKTeX\tex/latex/geometry\geometry.sty
Package: geometry 2026/03/07 v6.0 Page Geometry

(C:\Users\AFRAA\AppData\Local\Programs\MiKTeX\tex/generic/iftex\ifvtex.sty
Package: ifvtex 2019/10/25 v1.7 ifvtex legacy package. Use iftex instead.

(C:\Users\AFRAA\AppData\Local\Programs\MiKTeX\tex/generic/iftex\iftex.sty
Package: iftex 2024/12/12 v1.0g TeX engine tests
))
\Gm@cnth=\count304
\Gm@cntv=\count305
\c@Gm@tempcnt=\count306
\Gm@bindingoffset=\dimen257
\Gm@wd@mp=\dimen258
\Gm@odd@mp=\dimen259
\Gm@even@mp=\dimen260
\Gm@layoutwidth=\dimen261
\Gm@layoutheight=\dimen262
\Gm@layouthoffset=\dimen263
\Gm@layoutvoffset=\dimen264
\Gm@dimlist=\toks30

(C:\Users\AFRAA\AppData\Local\Programs\MiKTeX\tex/latex/geometry\geometry.cfg))

(C:\Users\AFRAA\AppData\Local\Programs\MiKTeX\tex/latex/l3backend\l3backend-pdf
tex.def
File: l3backend-pdftex.def 2025-10-09 L3 backend support: PDF output (pdfTeX)
\l__color_backend_stack_int=\count307
)
(C:\Users\AFRAA\Desktop\Final Project\examples\latex-examples\src\output\select
ion-sort\selection-sort.aux)
\openout1 = `selection-sort.aux'.

LaTeX Font Info:    Checking defaults for OML/cmm/m/it on input line 13.
LaTeX Font Info:    ... okay on input line 13.
LaTeX Font Info:    Checking defaults for OMS/cmsy/m/n on input line 13.
LaTeX Font Info:    ... okay on input line 13.
LaTeX Font Info:    Checking defaults for OT1/cmr/m/n on input line 13.
LaTeX Font Info:    ... okay on input line 13.
LaTeX Font Info:    Checking defaults for T1/cmr/m/n on input line 13.
LaTeX Font Info:    ... okay on input line 13.
LaTeX Font Info:    Checking defaults for TS1/cmr/m/n on input line 13.
LaTeX Font Info:    ... okay on input line 13.
LaTeX Font Info:    Checking defaults for OMX/cmex/m/n on input line 13.
LaTeX Font Info:    ... okay on input line 13.
LaTeX Font Info:    Checking defaults for U/cmr/m/n on input line 13.
LaTeX Font Info:    ... okay on input line 13.

(C:\Users\AFRAA\AppData\Local\Programs\MiKTeX\tex/context/base/mkii\supp-pdf.mk
ii
[Loading MPS to PDF converter (version 2006.09.02).]
\scratchcounter=\count308
\scratchdimen=\dimen265
\scratchbox=\box64
\nofMPsegments=\count309
\nofMParguments=\count310
\everyMPshowfont=\toks31
\MPscratchCnt=\count311
\MPscratchDim=\dimen266
\MPnumerator=\count312
\makeMPintoPDFobject=\count313
\everyMPtoPDFconversion=\toks32
)
(C:\Users\AFRAA\AppData\Local\Programs\MiKTeX\tex/latex/epstopdf-pkg\epstopdf-b
ase.sty
Package: epstopdf-base 2020-01-24 v2.11 Base part for package epstopdf
Package epstopdf-base Info: Redefining graphics rule for `.eps' on input line 4
85.

(C:\Users\AFRAA\AppData\Local\Programs\MiKTeX\tex/latex/00miktex\epstopdf-sys.c
fg
File: epstopdf-sys.cfg 2021/03/18 v2.0 Configuration of epstopdf for MiKTeX
))
*geometry* driver: auto-detecting
*geometry* detected driver: pdftex
*geometry* verbose mode - [ preamble ] result:
* driver: pdftex
* paper: <default>
* layout: <same size as paper>
* layoutoffset:(h,v)=(0.0pt,0.0pt)
* modes: 
* h-part:(L,W,R)=(72.26999pt, 469.75502pt, 72.26999pt)
* v-part:(T,H,B)=(72.26999pt, 650.43001pt, 72.26999pt)
* \paperwidth=614.295pt
* \paperheight=794.96999pt
* \textwidth=469.75502pt
* \textheight=650.43001pt
* \oddsidemargin=0.0pt
* \evensidemargin=0.0pt
* \topmargin=-37.0pt
* \headheight=12.0pt
* \headsep=25.0pt
* \topskip=10.0pt
* \footskip=30.0pt
* \marginparwidth=65.0pt
* \marginparsep=11.0pt
* \columnsep=10.0pt
* \skip\footins=9.0pt plus 4.0pt minus 2.0pt
* \hoffset=0.0pt
* \voffset=0.0pt
* \mag=1000
* \@twocolumnfalse
* \@twosidefalse
* \@mparswitchfalse
* \@reversemarginfalse
* (1in=72.27pt=25.4mm, 1cm=28.453pt)

[1

{C:/Users/AFRAA/AppData/Local/MiKTeX/fonts/map/pdftex/pdftex.map}] [2]
Overfull \hbox (19.90672pt too wide) in paragraph at lines 156--157
 [][] 
 []

[3]
Overfull \hbox (103.90599pt too wide) in paragraph at lines 224--225
 [][] 
 []

[4]
Overfull \hbox (19.90672pt too wide) in paragraph at lines 292--293
 [][] 
 []

[5]
Overfull \hbox (19.90672pt too wide) in paragraph at lines 360--361
 [][] 
 []

[6]
Overfull \hbox (19.90672pt too wide) in paragraph at lines 428--429
 [][] 
 []

[7]
Overfull \hbox (103.90599pt too wide) in paragraph at lines 496--497
 [][] 
 []

[8]
Overfull \hbox (19.90672pt too wide) in paragraph at lines 564--565
 [][] 
 []

[9]
Overfull \hbox (19.90672pt too wide) in paragraph at lines 632--633
 [][] 
 []

[10]
Overfull \hbox (19.90672pt too wide) in paragraph at lines 700--701
 [][] 
 []

[11]
Overfull \hbox (19.90672pt too wide) in paragraph at lines 768--769
 [][] 
 []

[12]
Overfull \hbox (19.90672pt too wide) in paragraph at lines 836--837
 [][] 
 []

[13]
Overfull \hbox (19.90672pt too wide) in paragraph at lines 904--905
 [][] 
 []

[14]
Overfull \hbox (19.90672pt too wide) in paragraph at lines 972--973
 [][] 
 []

[15]
Overfull \hbox (19.90672pt too wide) in paragraph at lines 1040--1041
 [][] 
 []

[16]
Overfull \hbox (19.90672pt too wide) in paragraph at lines 1108--1109
 [][] 
 []

[17]
Overfull \hbox (19.90672pt too wide) in paragraph at lines 1176--1177
 [][] 
 []

[18]
Overfull \hbox (19.90672pt too wide) in paragraph at lines 1244--1245
 [][] 
 []

[19]
Overfull \hbox (19.90672pt too wide) in paragraph at lines 1312--1313
 [][] 
 []

[20]
Overfull \hbox (25.15666pt too wide) in paragraph at lines 1380--1381
 [][] 
 []

[21]
Overfull \hbox (25.15666pt too wide) in paragraph at lines 1448--1449
 [][] 
 []

[22]
Overfull \hbox (25.15666pt too wide) in paragraph at lines 1516--1517
 [][] 
 []

[23]
Overfull \hbox (25.15666pt too wide) in paragraph at lines 1584--1585
 [][] 
 []

[24]
Overfull \hbox (25.15666pt too wide) in paragraph at lines 1652--1653
 [][] 
 []

[25]
Overfull \hbox (25.15666pt too wide) in paragraph at lines 1720--1721
 [][] 
 []

[26] [27] [28] [29]
Overfull \hbox (19.90672pt too wide) in paragraph at lines 1992--1993
 [][] 
 []

[30]
Overfull \hbox (19.90672pt too wide) in paragraph at lines 2060--2061
 [][] 
 []

[31]
Overfull \hbox (19.90672pt too wide) in paragraph at lines 2128--2129
 [][] 
 []

[32]
Overfull \hbox (19.90672pt too wide) in paragraph at lines 2196--2197
 [][] 
 []

[33]
Overfull \hbox (19.90672pt too wide) in paragraph at lines 2264--2265
 [][] 
 []

[34]
Overfull \hbox (19.90672pt too wide) in paragraph at lines 2332--2333
 [][] 
 []

[35]
Overfull \hbox (19.90672pt too wide) in paragraph at lines 2400--2401
 [][] 
 []

[36]
Overfull \hbox (19.90672pt too wide) in paragraph at lines 2468--2469
 [][] 
 []

[37]
Overfull \hbox (19.90672pt too wide) in paragraph at lines 2536--2537
 [][] 
 []

[38]
Overfull \hbox (19.90672pt too wide) in paragraph at lines 2604--2605
 [][] 
 []

[39]
Overfull \hbox (19.90672pt too wide) in paragraph at lines 2672--2673
 [][] 
 []

[40]
Overfull \hbox (19.90672pt too wide) in paragraph at lines 2740--2741
 [][] 
 []

[41]
Overfull \hbox (19.90672pt too wide) in paragraph at lines 2808--2809
 [][] 
 []

[42]
Overfull \hbox (19.90672pt too wide) in paragraph at lines 2876--2877
 [][] 
 []

[43]
Overfull \hbox (19.90672pt too wide) in paragraph at lines 2944--2945
 [][] 
 []

[44]
Overfull \hbox (19.90672pt too wide) in paragraph at lines 3012--3013
 [][] 
 []

[45]
Overfull \hbox (25.15666pt too wide) in paragraph at lines 3080--3081
 [][] 
 []

[46]
Overfull \hbox (25.15666pt too wide) in paragraph at lines 3148--3149
 [][] 
 []

[47]
Overfull \hbox (25.15666pt too wide) in paragraph at lines 3216--3217
 [][] 
 []

[48]
Overfull \hbox (25.15666pt too wide) in paragraph at lines 3284--3285
 [][] 
 []

[49]
Overfull \hbox (25.15666pt too wide) in paragraph at lines 3352--3353
 [][] 
 []

[50]
Overfull \hbox (25.15666pt too wide) in paragraph at lines 3420--3421
 [][] 
 []

[51] [52] [53] [54]
Overfull \hbox (19.90672pt too wide) in paragraph at lines 3692--3693
 [][] 
 []

[55]
Overfull \hbox (103.90599pt too wide) in paragraph at lines 3760--3761
 [][] 
 []

[56]
Overfull \hbox (19.90672pt too wide) in paragraph at lines 3828--3829
 [][] 
 []

[57]
Overfull \hbox (19.90672pt too wide) in paragraph at lines 3896--3897
 [][] 
 []

[58]
Overfull \hbox (19.90672pt too wide) in paragraph at lines 3964--3965
 [][] 
 []

[59]
Overfull \hbox (19.90672pt too wide) in paragraph at lines 4032--4033
 [][] 
 []

[60]
Overfull \hbox (19.90672pt too wide) in paragraph at lines 4100--4101
 [][] 
 []

[61]
Overfull \hbox (103.90599pt too wide) in paragraph at lines 4168--4169
 [][] 
 []

[62]
Overfull \hbox (19.90672pt too wide) in paragraph at lines 4236--4237
 [][] 
 []

[63]
Overfull \hbox (19.90672pt too wide) in paragraph at lines 4304--4305
 [][] 
 []

[64]
Overfull \hbox (19.90672pt too wide) in paragraph at lines 4372--4373
 [][] 
 []

[65]
Overfull \hbox (19.90672pt too wide) in paragraph at lines 4440--4441
 [][] 
 []

[66]
Overfull \hbox (19.90672pt too wide) in paragraph at lines 4508--4509
 [][] 
 []

[67]
Overfull \hbox (19.90672pt too wide) in paragraph at lines 4576--4577
 [][] 
 []

[68]
Overfull \hbox (25.15666pt too wide) in paragraph at lines 4644--4645
 [][] 
 []

[69]
Overfull \hbox (25.15666pt too wide) in paragraph at lines 4712--4713
 [][] 
 []

[70]
Overfull \hbox (25.15666pt too wide) in paragraph at lines 4780--4781
 [][] 
 []

[71]
Overfull \hbox (25.15666pt too wide) in paragraph at lines 4848--4849
 [][] 
 []

[72]
Overfull \hbox (25.15666pt too wide) in paragraph at lines 4916--4917
 [][] 
 []

[73]
Overfull \hbox (25.15666pt too wide) in paragraph at lines 4984--4985
 [][] 
 []

[74] [75] [76] [77]
Overfull \hbox (19.90672pt too wide) in paragraph at lines 5256--5257
 [][] 
 []

[78]
Overfull \hbox (19.90672pt too wide) in paragraph at lines 5324--5325
 [][] 
 []

[79]
Overfull \hbox (19.90672pt too wide) in paragraph at lines 5392--5393
 [][] 
 []

[80]
Overfull \hbox (19.90672pt too wide) in paragraph at lines 5460--5461
 [][] 
 []

[81]
Overfull \hbox (19.90672pt too wide) in paragraph at lines 5528--5529
 [][] 
 []

[82]
Overfull \hbox (19.90672pt too wide) in paragraph at lines 5596--5597
 [][] 
 []

[83]
Overfull \hbox (19.90672pt too wide) in paragraph at lines 5664--5665
 [][] 
 []

[84]
Overfull \hbox (103.90599pt too wide) in paragraph at lines 5732--5733
 [][] 
 []

[85]
Overfull \hbox (19.90672pt too wide) in paragraph at lines 5800--5801
 [][] 
 []

[86]
Overfull \hbox (19.90672pt too wide) in paragraph at lines 5868--5869
 [][] 
 []

[87]
Overfull \hbox (19.90672pt too wide) in paragraph at lines 5936--5937
 [][] 
 []

[88]
Overfull \hbox (19.90672pt too wide) in paragraph at lines 6004--6005
 [][] 
 []

[89]
Overfull \hbox (25.15666pt too wide) in paragraph at lines 6072--6073
 [][] 
 []

[90]
Overfull \hbox (25.15666pt too wide) in paragraph at lines 6140--6141
 [][] 
 []

[91]
Overfull \hbox (25.15666pt too wide) in paragraph at lines 6208--6209
 [][] 
 []

[92]
Overfull \hbox (25.15666pt too wide) in paragraph at lines 6276--6277
 [][] 
 []

[93]
Overfull \hbox (25.15666pt too wide) in paragraph at lines 6344--6345
 [][] 
 []

[94]
Overfull \hbox (25.15666pt too wide) in paragraph at lines 6412--6413
 [][] 
 []

[95] [96] [97] [98]
Overfull \hbox (19.90672pt too wide) in paragraph at lines 6684--6685
 [][] 
 []

[99]
Overfull \hbox (19.90672pt too wide) in paragraph at lines 6752--6753
 [][] 
 []

[100]
Overfull \hbox (19.90672pt too wide) in paragraph at lines 6820--6821
 [][] 
 []

[101]
Overfull \hbox (19.90672pt too wide) in paragraph at lines 6888--6889
 [][] 
 []

[102]
Overfull \hbox (19.90672pt too wide) in paragraph at lines 6956--6957
 [][] 
 []

[103]
Overfull \hbox (103.90599pt too wide) in paragraph at lines 7024--7025
 [][] 
 []

[104]
Overfull \hbox (19.90672pt too wide) in paragraph at lines 7092--7093
 [][] 
 []

[105]
Overfull \hbox (19.90672pt too wide) in paragraph at lines 7160--7161
 [][] 
 []

[106]
Overfull \hbox (19.90672pt too wide) in paragraph at lines 7228--7229
 [][] 
 []

[107]
Overfull \hbox (19.90672pt too wide) in paragraph at lines 7296--7297
 [][] 
 []

[108]
Overfull \hbox (25.15666pt too wide) in paragraph at lines 7364--7365
 [][] 
 []

[109]
Overfull \hbox (25.15666pt too wide) in paragraph at lines 7432--7433
 [][] 
 []

[110]
Overfull \hbox (25.15666pt too wide) in paragraph at lines 7500--7501
 [][] 
 []

[111]
Overfull \hbox (109.15593pt too wide) in paragraph at lines 7568--7569
 [][] 
 []

[112]
Overfull \hbox (30.40663pt too wide) in paragraph at lines 7636--7637
 [][] 
 []

[113]
Overfull \hbox (30.40663pt too wide) in paragraph at lines 7704--7705
 [][] 
 []

[114] [115] [116] [117]
Overfull \hbox (25.15666pt too wide) in paragraph at lines 7976--7977
 [][] 
 []

[118]
Overfull \hbox (103.90599pt too wide) in paragraph at lines 8044--8045
 [][] 
 []

[119]
Overfull \hbox (19.90672pt too wide) in paragraph at lines 8112--8113
 [][] 
 []

[120]
Overfull \hbox (103.90599pt too wide) in paragraph at lines 8180--8181
 [][] 
 []

[121]
Overfull \hbox (19.90672pt too wide) in paragraph at lines 8248--8249
 [][] 
 []

[122]
Overfull \hbox (19.90672pt too wide) in paragraph at lines 8316--8317
 [][] 
 []

[123]
Overfull \hbox (19.90672pt too wide) in paragraph at lines 8384--8385
 [][] 
 []

[124]
Overfull \hbox (19.90672pt too wide) in paragraph at lines 8452--8453
 [][] 
 []

[125]
Overfull \hbox (25.15666pt too wide) in paragraph at lines 8520--8521
 [][] 
 []

[126]
Overfull \hbox (25.15666pt too wide) in paragraph at lines 8588--8589
 [][] 
 []

[127]
Overfull \hbox (25.15666pt too wide) in paragraph at lines 8656--8657
 [][] 
 []

[128]
Overfull \hbox (25.15666pt too wide) in paragraph at lines 8724--8725
 [][] 
 []

[129]
Overfull \hbox (25.15666pt too wide) in paragraph at lines 8792--8793
 [][] 
 []

[130]
Overfull \hbox (25.15666pt too wide) in paragraph at lines 8860--8861
 [][] 
 []

[131] [132] [133] [134]
Overfull \hbox (19.90672pt too wide) in paragraph at lines 9132--9133
 [][] 
 []

[135]
Overfull \hbox (19.90672pt too wide) in paragraph at lines 9200--9201
 [][] 
 []

[136]
Overfull \hbox (19.90672pt too wide) in paragraph at lines 9268--9269
 [][] 
 []

[137]
Overfull \hbox (19.90672pt too wide) in paragraph at lines 9336--9337
 [][] 
 []

[138]
Overfull \hbox (19.90672pt too wide) in paragraph at lines 9404--9405
 [][] 
 []

[139]
Overfull \hbox (19.90672pt too wide) in paragraph at lines 9472--9473
 [][] 
 []

[140]
Overfull \hbox (25.15666pt too wide) in paragraph at lines 9540--9541
 [][] 
 []

[141]
Overfull \hbox (109.15593pt too wide) in paragraph at lines 9608--9609
 [][] 
 []

[142]
Overfull \hbox (30.40663pt too wide) in paragraph at lines 9676--9677
 [][] 
 []

[143]
Overfull \hbox (30.40663pt too wide) in paragraph at lines 9744--9745
 [][] 
 []

[144]
Overfull \hbox (30.40663pt too wide) in paragraph at lines 9812--9813
 [][] 
 []

[145]
Overfull \hbox (30.40663pt too wide) in paragraph at lines 9880--9881
 [][] 
 []

[146] [147] [148] [149]
Overfull \hbox (25.15666pt too wide) in paragraph at lines 10152--10153
 [][] 
 []

[150]
Overfull \hbox (25.15666pt too wide) in paragraph at lines 10220--10221
 [][] 
 []

[151]
Overfull \hbox (25.15666pt too wide) in paragraph at lines 10288--10289
 [][] 
 []

[152]
Overfull \hbox (25.15666pt too wide) in paragraph at lines 10356--10357
 [][] 
 []

[153]
Overfull \hbox (30.40663pt too wide) in paragraph at lines 10424--10425
 [][] 
 []

[154]
Overfull \hbox (109.15593pt too wide) in paragraph at lines 10492--10493
 [][] 
 []

[155]
Overfull \hbox (30.40663pt too wide) in paragraph at lines 10560--10561
 [][] 
 []

[156]
Overfull \hbox (109.15593pt too wide) in paragraph at lines 10628--10629
 [][] 
 []

[157]
Overfull \hbox (30.40663pt too wide) in paragraph at lines 10696--10697
 [][] 
 []

[158]
Overfull \hbox (30.40663pt too wide) in paragraph at lines 10764--10765
 [][] 
 []

[159] [160] [161] [162]
Overfull \hbox (25.15666pt too wide) in paragraph at lines 11036--11037
 [][] 
 []

[163]
Overfull \hbox (103.90599pt too wide) in paragraph at lines 11104--11105
 [][] 
 []

[164]
Overfull \hbox (30.40663pt too wide) in paragraph at lines 11172--11173
 [][] 
 []

[165]
Overfull \hbox (109.15593pt too wide) in paragraph at lines 11240--11241
 [][] 
 []

[166]
Overfull \hbox (30.40663pt too wide) in paragraph at lines 11308--11309
 [][] 
 []

[167]
Overfull \hbox (30.40663pt too wide) in paragraph at lines 11376--11377
 [][] 
 []

[168]
Overfull \hbox (30.40663pt too wide) in paragraph at lines 11444--11445
 [][] 
 []

[169]
Overfull \hbox (30.40663pt too wide) in paragraph at lines 11512--11513
 [][] 
 []

[170] [171] [172] [173]
Overfull \hbox (30.40663pt too wide) in paragraph at lines 11784--11785
 [][] 
 []

[174]
Overfull \hbox (30.40663pt too wide) in paragraph at lines 11852--11853
 [][] 
 []

[175]
Overfull \hbox (30.40663pt too wide) in paragraph at lines 11920--11921
 [][] 
 []

[176]
Overfull \hbox (109.15593pt too wide) in paragraph at lines 11988--11989
 [][] 
 []

[177]
Overfull \hbox (35.65657pt too wide) in paragraph at lines 12056--12057
 [][] 
 []

[178]
Overfull \hbox (35.65657pt too wide) in paragraph at lines 12124--12125
 [][] 
 []

[179] [180] [181] [182]
Overfull \hbox (35.65657pt too wide) in paragraph at lines 12396--12397
 [][] 
 []

[183]
Overfull \hbox (109.15593pt too wide) in paragraph at lines 12464--12465
 [][] 
 []

[184]
Overfull \hbox (35.65657pt too wide) in paragraph at lines 12532--12533
 [][] 
 []

[185]
Overfull \hbox (109.15593pt too wide) in paragraph at lines 12600--12601
 [][] 
 []

[186] [187] [188] [189]
Overfull \hbox (35.65657pt too wide) in paragraph at lines 12872--12873
 [][] 
 []

[190]
Overfull \hbox (35.65657pt too wide) in paragraph at lines 12940--12941
 [][] 
 []

[191] [192] [193] [194]
(C:\Users\AFRAA\Desktop\Final Project\examples\latex-examples\src\output\select
ion-sort\selection-sort.aux)
 ***********
LaTeX2e <2025-11-01>
L3 programming layer <2025-12-24>
 ***********
 ) 
Here is how much of TeX's memory you used:
 12407 strings out of 467871
 261169 string characters out of 5418376
 652138 words of memory out of 5000000
 41102 multiletter control sequences out of 15000+600000
 628803 words of font info for 44 fonts, out of 8000000 for 9000
 1141 hyphenation exceptions out of 8191
 102i,6n,107p,438b,599s stack positions out of 10000i,1000n,20000p,200000b,200000s
<C:/Users/AFRAA/AppData/Local/Programs/MiKTeX/fonts/type1/public/amsfonts/cm/
cmbx10.pfb><C:/Users/AFRAA/AppData/Local/Programs/MiKTeX/fonts/type1/public/ams
fonts/cm/cmbx12.pfb><C:/Users/AFRAA/AppData/Local/Programs/MiKTeX/fonts/type1/p
ublic/amsfonts/cm/cmr10.pfb><C:/Users/AFRAA/AppData/Local/Programs/MiKTeX/fonts
/type1/public/amsfonts/cm/cmtt10.pfb>
Output written on "C:\Users\AFRAA\Desktop\Final Project\examples\latex-examples
\src\output\selection-sort\selection-sort.pdf" (194 pages, 500698 bytes).
PDF statistics:
 647 PDF objects out of 1000 (max. 8388607)
 0 named destinations out of 1000 (max. 500000)
 13 words of extra memory for PDF output out of 10000 (max. 10000000)

