This is pdfTeX, Version 3.141592653-2.6-1.40.28 (MiKTeX 25.12) (preloaded format=pdflatex 2026.8.25)  25 AUG 2026 13:19
entering extended mode
 restricted \write18 enabled.
 %&-line parsing enabled.
**./output/bubble-sort/bubble-sort.tex
(output/bubble-sort/bubble-sort.tex
LaTeX2e <2025-11-01>
L3 programming layer <2025-12-24>
(C:\Users\AFRAA\AppData\Local\Programs\MiKTeX\tex/latex/base\article.cls
Document Class: article 2025/01/22 v1.4n Standard LaTeX document class
(C:\Users\AFRAA\AppData\Local\Programs\MiKTeX\tex/latex/base\size10.clo
File: size10.clo 2025/01/22 v1.4n Standard LaTeX file (size option)
)
\c@part=\count275
\c@section=\count276
\c@subsection=\count277
\c@subsubsection=\count278
\c@paragraph=\count279
\c@subparagraph=\count280
\c@figure=\count281
\c@table=\count282
\abovecaptionskip=\skip49
\belowcaptionskip=\skip50
\bibindent=\dimen148
)
(C:\Users\AFRAA\AppData\Local\Programs\MiKTeX\tex/latex/pgf/frontendlayer\tikz.
sty
(C:\Users\AFRAA\AppData\Local\Programs\MiKTeX\tex/latex/pgf/basiclayer\pgf.sty
(C:\Users\AFRAA\AppData\Local\Programs\MiKTeX\tex/latex/pgf/utilities\pgfrcs.st
y
(C:\Users\AFRAA\AppData\Local\Programs\MiKTeX\tex/generic/pgf/utilities\pgfutil
-common.tex
\pgfutil@everybye=\toks17
\pgfutil@tempdima=\dimen149
\pgfutil@tempdimb=\dimen150
)
(C:\Users\AFRAA\AppData\Local\Programs\MiKTeX\tex/generic/pgf/utilities\pgfutil
-latex.def
\pgfutil@abb=\box53
)
(C:\Users\AFRAA\AppData\Local\Programs\MiKTeX\tex/generic/pgf/utilities\pgfrcs.
code.tex
(C:\Users\AFRAA\AppData\Local\Programs\MiKTeX\tex/generic/pgf\pgf.revision.tex)
Package: pgfrcs 2025-08-29 v3.1.11a (3.1.11a)
))
Package: pgf 2025-08-29 v3.1.11a (3.1.11a)

(C:\Users\AFRAA\AppData\Local\Programs\MiKTeX\tex/latex/pgf/basiclayer\pgfcore.
sty
(C:\Users\AFRAA\AppData\Local\Programs\MiKTeX\tex/latex/graphics\graphicx.sty
Package: graphicx 2024/12/31 v1.2e Enhanced LaTeX Graphics (DPC,SPQR)

(C:\Users\AFRAA\AppData\Local\Programs\MiKTeX\tex/latex/graphics\keyval.sty
Package: keyval 2022/05/29 v1.15 key=value parser (DPC)
\KV@toks@=\toks18
)
(C:\Users\AFRAA\AppData\Local\Programs\MiKTeX\tex/latex/graphics\graphics.sty
Package: graphics 2024/08/06 v1.4g Standard LaTeX Graphics (DPC,SPQR)

(C:\Users\AFRAA\AppData\Local\Programs\MiKTeX\tex/latex/graphics\trig.sty
Package: trig 2023/12/02 v1.11 sin cos tan (DPC)
)
(C:\Users\AFRAA\AppData\Local\Programs\MiKTeX\tex/latex/graphics-cfg\graphics.c
fg
File: graphics.cfg 2016/06/04 v1.11 sample graphics configuration
)
Package graphics Info: Driver file: pdftex.def on input line 106.

(C:\Users\AFRAA\AppData\Local\Programs\MiKTeX\tex/latex/graphics-def\pdftex.def
File: pdftex.def 2025/09/29 v1.2d Graphics/color driver for pdftex
))
\Gin@req@height=\dimen151
\Gin@req@width=\dimen152
)
(C:\Users\AFRAA\AppData\Local\Programs\MiKTeX\tex/latex/pgf/systemlayer\pgfsys.
sty
(C:\Users\AFRAA\AppData\Local\Programs\MiKTeX\tex/generic/pgf/systemlayer\pgfsy
s.code.tex
Package: pgfsys 2025-08-29 v3.1.11a (3.1.11a)

(C:\Users\AFRAA\AppData\Local\Programs\MiKTeX\tex/generic/pgf/utilities\pgfkeys
.code.tex
\pgfkeys@pathtoks=\toks19
\pgfkeys@temptoks=\toks20

(C:\Users\AFRAA\AppData\Local\Programs\MiKTeX\tex/generic/pgf/utilities\pgfkeys
libraryfiltered.code.tex
\pgfkeys@tmptoks=\toks21
))
\pgf@x=\dimen153
\pgf@y=\dimen154
\pgf@xa=\dimen155
\pgf@ya=\dimen156
\pgf@xb=\dimen157
\pgf@yb=\dimen158
\pgf@xc=\dimen159
\pgf@yc=\dimen160
\pgf@xd=\dimen161
\pgf@yd=\dimen162
\w@pgf@writea=\write3
\r@pgf@reada=\read2
\c@pgf@counta=\count283
\c@pgf@countb=\count284
\c@pgf@countc=\count285
\c@pgf@countd=\count286
\t@pgf@toka=\toks22
\t@pgf@tokb=\toks23
\t@pgf@tokc=\toks24
\pgf@sys@id@count=\count287

(C:\Users\AFRAA\AppData\Local\Programs\MiKTeX\tex/generic/pgf/systemlayer\pgf.c
fg
File: pgf.cfg 2025-08-29 v3.1.11a (3.1.11a)
)
Driver file for pgf: pgfsys-pdftex.def

(C:\Users\AFRAA\AppData\Local\Programs\MiKTeX\tex/generic/pgf/systemlayer\pgfsy
s-pdftex.def
File: pgfsys-pdftex.def 2025-08-29 v3.1.11a (3.1.11a)

(C:\Users\AFRAA\AppData\Local\Programs\MiKTeX\tex/generic/pgf/systemlayer\pgfsy
s-common-pdf.def
File: pgfsys-common-pdf.def 2025-08-29 v3.1.11a (3.1.11a)
)))
(C:\Users\AFRAA\AppData\Local\Programs\MiKTeX\tex/generic/pgf/systemlayer\pgfsy
ssoftpath.code.tex
File: pgfsyssoftpath.code.tex 2025-08-29 v3.1.11a (3.1.11a)
\pgfsyssoftpath@smallbuffer@items=\count288
\pgfsyssoftpath@bigbuffer@items=\count289
)
(C:\Users\AFRAA\AppData\Local\Programs\MiKTeX\tex/generic/pgf/systemlayer\pgfsy
sprotocol.code.tex
File: pgfsysprotocol.code.tex 2025-08-29 v3.1.11a (3.1.11a)
))
(C:\Users\AFRAA\AppData\Local\Programs\MiKTeX\tex/latex/xcolor\xcolor.sty
Package: xcolor 2024/09/29 v3.02 LaTeX color extensions (UK)

(C:\Users\AFRAA\AppData\Local\Programs\MiKTeX\tex/latex/graphics-cfg\color.cfg
File: color.cfg 2016/01/02 v1.6 sample color configuration
)
Package xcolor Info: Driver file: pdftex.def on input line 274.
(C:\Users\AFRAA\AppData\Local\Programs\MiKTeX\tex/latex/graphics\mathcolor.ltx)
Package xcolor Info: Model `cmy' substituted by `cmy0' on input line 1349.
Package xcolor Info: Model `hsb' substituted by `rgb' on input line 1353.
Package xcolor Info: Model `RGB' extended on input line 1365.
Package xcolor Info: Model `HTML' substituted by `rgb' on input line 1367.
Package xcolor Info: Model `Hsb' substituted by `hsb' on input line 1368.
Package xcolor Info: Model `tHsb' substituted by `hsb' on input line 1369.
Package xcolor Info: Model `HSB' substituted by `hsb' on input line 1370.
Package xcolor Info: Model `Gray' substituted by `gray' on input line 1371.
Package xcolor Info: Model `wave' substituted by `hsb' on input line 1372.
)
(C:\Users\AFRAA\AppData\Local\Programs\MiKTeX\tex/generic/pgf/basiclayer\pgfcor
e.code.tex
Package: pgfcore 2025-08-29 v3.1.11a (3.1.11a)

(C:\Users\AFRAA\AppData\Local\Programs\MiKTeX\tex/generic/pgf/math\pgfmath.code
.tex
(C:\Users\AFRAA\AppData\Local\Programs\MiKTeX\tex/generic/pgf/math\pgfmathutil.
code.tex)
(C:\Users\AFRAA\AppData\Local\Programs\MiKTeX\tex/generic/pgf/math\pgfmathparse
r.code.tex
\pgfmath@dimen=\dimen163
\pgfmath@count=\count290
\pgfmath@box=\box54
\pgfmath@toks=\toks25
\pgfmath@stack@operand=\toks26
\pgfmath@stack@operation=\toks27
)
(C:\Users\AFRAA\AppData\Local\Programs\MiKTeX\tex/generic/pgf/math\pgfmathfunct
ions.code.tex)
(C:\Users\AFRAA\AppData\Local\Programs\MiKTeX\tex/generic/pgf/math\pgfmathfunct
ions.basic.code.tex)
(C:\Users\AFRAA\AppData\Local\Programs\MiKTeX\tex/generic/pgf/math\pgfmathfunct
ions.trigonometric.code.tex)
(C:\Users\AFRAA\AppData\Local\Programs\MiKTeX\tex/generic/pgf/math\pgfmathfunct
ions.random.code.tex)
(C:\Users\AFRAA\AppData\Local\Programs\MiKTeX\tex/generic/pgf/math\pgfmathfunct
ions.comparison.code.tex)
(C:\Users\AFRAA\AppData\Local\Programs\MiKTeX\tex/generic/pgf/math\pgfmathfunct
ions.base.code.tex)
(C:\Users\AFRAA\AppData\Local\Programs\MiKTeX\tex/generic/pgf/math\pgfmathfunct
ions.round.code.tex)
(C:\Users\AFRAA\AppData\Local\Programs\MiKTeX\tex/generic/pgf/math\pgfmathfunct
ions.misc.code.tex)
(C:\Users\AFRAA\AppData\Local\Programs\MiKTeX\tex/generic/pgf/math\pgfmathfunct
ions.integerarithmetics.code.tex)
(C:\Users\AFRAA\AppData\Local\Programs\MiKTeX\tex/generic/pgf/math\pgfmathcalc.
code.tex)
(C:\Users\AFRAA\AppData\Local\Programs\MiKTeX\tex/generic/pgf/math\pgfmathfloat
.code.tex
\c@pgfmathroundto@lastzeros=\count291
))
(C:\Users\AFRAA\AppData\Local\Programs\MiKTeX\tex/generic/pgf/math\pgfint.code.
tex)
(C:\Users\AFRAA\AppData\Local\Programs\MiKTeX\tex/generic/pgf/basiclayer\pgfcor
epoints.code.tex
File: pgfcorepoints.code.tex 2025-08-29 v3.1.11a (3.1.11a)
\pgf@picminx=\dimen164
\pgf@picmaxx=\dimen165
\pgf@picminy=\dimen166
\pgf@picmaxy=\dimen167
\pgf@pathminx=\dimen168
\pgf@pathmaxx=\dimen169
\pgf@pathminy=\dimen170
\pgf@pathmaxy=\dimen171
\pgf@xx=\dimen172
\pgf@xy=\dimen173
\pgf@yx=\dimen174
\pgf@yy=\dimen175
\pgf@zx=\dimen176
\pgf@zy=\dimen177
)
(C:\Users\AFRAA\AppData\Local\Programs\MiKTeX\tex/generic/pgf/basiclayer\pgfcor
epathconstruct.code.tex
File: pgfcorepathconstruct.code.tex 2025-08-29 v3.1.11a (3.1.11a)
\pgf@path@lastx=\dimen178
\pgf@path@lasty=\dimen179
)
(C:\Users\AFRAA\AppData\Local\Programs\MiKTeX\tex/generic/pgf/basiclayer\pgfcor
epathusage.code.tex
File: pgfcorepathusage.code.tex 2025-08-29 v3.1.11a (3.1.11a)
\pgf@shorten@end@additional=\dimen180
\pgf@shorten@start@additional=\dimen181
)
(C:\Users\AFRAA\AppData\Local\Programs\MiKTeX\tex/generic/pgf/basiclayer\pgfcor
escopes.code.tex
File: pgfcorescopes.code.tex 2025-08-29 v3.1.11a (3.1.11a)
\pgfpic=\box55
\pgf@hbox=\box56
\pgf@layerbox@main=\box57
\pgf@picture@serial@count=\count292
)
(C:\Users\AFRAA\AppData\Local\Programs\MiKTeX\tex/generic/pgf/basiclayer\pgfcor
egraphicstate.code.tex
File: pgfcoregraphicstate.code.tex 2025-08-29 v3.1.11a (3.1.11a)
\pgflinewidth=\dimen182
)
(C:\Users\AFRAA\AppData\Local\Programs\MiKTeX\tex/generic/pgf/basiclayer\pgfcor
etransformations.code.tex
File: pgfcoretransformations.code.tex 2025-08-29 v3.1.11a (3.1.11a)
\pgf@pt@x=\dimen183
\pgf@pt@y=\dimen184
\pgf@pt@temp=\dimen185
)
(C:\Users\AFRAA\AppData\Local\Programs\MiKTeX\tex/generic/pgf/basiclayer\pgfcor
equick.code.tex
File: pgfcorequick.code.tex 2025-08-29 v3.1.11a (3.1.11a)
)
(C:\Users\AFRAA\AppData\Local\Programs\MiKTeX\tex/generic/pgf/basiclayer\pgfcor
eobjects.code.tex
File: pgfcoreobjects.code.tex 2025-08-29 v3.1.11a (3.1.11a)
)
(C:\Users\AFRAA\AppData\Local\Programs\MiKTeX\tex/generic/pgf/basiclayer\pgfcor
epathprocessing.code.tex
File: pgfcorepathprocessing.code.tex 2025-08-29 v3.1.11a (3.1.11a)
)
(C:\Users\AFRAA\AppData\Local\Programs\MiKTeX\tex/generic/pgf/basiclayer\pgfcor
earrows.code.tex
File: pgfcorearrows.code.tex 2025-08-29 v3.1.11a (3.1.11a)
\pgfarrowsep=\dimen186
)
(C:\Users\AFRAA\AppData\Local\Programs\MiKTeX\tex/generic/pgf/basiclayer\pgfcor
eshade.code.tex
File: pgfcoreshade.code.tex 2025-08-29 v3.1.11a (3.1.11a)
\pgf@max=\dimen187
\pgf@sys@shading@range@num=\count293
\pgf@shadingcount=\count294
)
(C:\Users\AFRAA\AppData\Local\Programs\MiKTeX\tex/generic/pgf/basiclayer\pgfcor
eimage.code.tex
File: pgfcoreimage.code.tex 2025-08-29 v3.1.11a (3.1.11a)
)
(C:\Users\AFRAA\AppData\Local\Programs\MiKTeX\tex/generic/pgf/basiclayer\pgfcor
eexternal.code.tex
File: pgfcoreexternal.code.tex 2025-08-29 v3.1.11a (3.1.11a)
\pgfexternal@startupbox=\box58
)
(C:\Users\AFRAA\AppData\Local\Programs\MiKTeX\tex/generic/pgf/basiclayer\pgfcor
elayers.code.tex
File: pgfcorelayers.code.tex 2025-08-29 v3.1.11a (3.1.11a)
)
(C:\Users\AFRAA\AppData\Local\Programs\MiKTeX\tex/generic/pgf/basiclayer\pgfcor
etransparency.code.tex
File: pgfcoretransparency.code.tex 2025-08-29 v3.1.11a (3.1.11a)
)
(C:\Users\AFRAA\AppData\Local\Programs\MiKTeX\tex/generic/pgf/basiclayer\pgfcor
epatterns.code.tex
File: pgfcorepatterns.code.tex 2025-08-29 v3.1.11a (3.1.11a)
)
(C:\Users\AFRAA\AppData\Local\Programs\MiKTeX\tex/generic/pgf/basiclayer\pgfcor
erdf.code.tex
File: pgfcorerdf.code.tex 2025-08-29 v3.1.11a (3.1.11a)
)))
(C:\Users\AFRAA\AppData\Local\Programs\MiKTeX\tex/generic/pgf/modules\pgfmodule
shapes.code.tex
File: pgfmoduleshapes.code.tex 2025-08-29 v3.1.11a (3.1.11a)
\pgfnodeparttextbox=\box59
)
(C:\Users\AFRAA\AppData\Local\Programs\MiKTeX\tex/generic/pgf/modules\pgfmodule
plot.code.tex
File: pgfmoduleplot.code.tex 2025-08-29 v3.1.11a (3.1.11a)
)
(C:\Users\AFRAA\AppData\Local\Programs\MiKTeX\tex/latex/pgf/compatibility\pgfco
mp-version-0-65.sty
Package: pgfcomp-version-0-65 2025-08-29 v3.1.11a (3.1.11a)
\pgf@nodesepstart=\dimen188
\pgf@nodesepend=\dimen189
)
(C:\Users\AFRAA\AppData\Local\Programs\MiKTeX\tex/latex/pgf/compatibility\pgfco
mp-version-1-18.sty
Package: pgfcomp-version-1-18 2025-08-29 v3.1.11a (3.1.11a)
))
(C:\Users\AFRAA\AppData\Local\Programs\MiKTeX\tex/latex/pgf/utilities\pgffor.st
y
(C:\Users\AFRAA\AppData\Local\Programs\MiKTeX\tex/latex/pgf/utilities\pgfkeys.s
ty
(C:\Users\AFRAA\AppData\Local\Programs\MiKTeX\tex/generic/pgf/utilities\pgfkeys
.code.tex))
(C:\Users\AFRAA\AppData\Local\Programs\MiKTeX\tex/latex/pgf/math\pgfmath.sty
(C:\Users\AFRAA\AppData\Local\Programs\MiKTeX\tex/generic/pgf/math\pgfmath.code
.tex))
(C:\Users\AFRAA\AppData\Local\Programs\MiKTeX\tex/generic/pgf/utilities\pgffor.
code.tex
Package: pgffor 2025-08-29 v3.1.11a (3.1.11a)
\pgffor@iter=\dimen190
\pgffor@skip=\dimen191
\pgffor@stack=\toks28
\pgffor@toks=\toks29
))
(C:\Users\AFRAA\AppData\Local\Programs\MiKTeX\tex/generic/pgf/frontendlayer/tik
z\tikz.code.tex
Package: tikz 2025-08-29 v3.1.11a (3.1.11a)

(C:\Users\AFRAA\AppData\Local\Programs\MiKTeX\tex/generic/pgf/libraries\pgflibr
aryplothandlers.code.tex
File: pgflibraryplothandlers.code.tex 2025-08-29 v3.1.11a (3.1.11a)
\pgf@plot@mark@count=\count295
\pgfplotmarksize=\dimen192
)
\tikz@lastx=\dimen193
\tikz@lasty=\dimen194
\tikz@lastxsaved=\dimen195
\tikz@lastysaved=\dimen196
\tikz@lastmovetox=\dimen197
\tikz@lastmovetoy=\dimen198
\tikzleveldistance=\dimen199
\tikzsiblingdistance=\dimen256
\tikz@figbox=\box60
\tikz@figbox@bg=\box61
\tikz@tempbox=\box62
\tikz@tempbox@bg=\box63
\tikztreelevel=\count296
\tikznumberofchildren=\count297
\tikznumberofcurrentchild=\count298
\tikz@fig@count=\count299

(C:\Users\AFRAA\AppData\Local\Programs\MiKTeX\tex/generic/pgf/modules\pgfmodule
matrix.code.tex
File: pgfmodulematrix.code.tex 2025-08-29 v3.1.11a (3.1.11a)
\pgfmatrixcurrentrow=\count300
\pgfmatrixcurrentcolumn=\count301
\pgf@matrix@numberofcolumns=\count302
)
\tikz@expandcount=\count303

(C:\Users\AFRAA\AppData\Local\Programs\MiKTeX\tex/generic/pgf/frontendlayer/tik
z/libraries\tikzlibrarytopaths.code.tex
File: tikzlibrarytopaths.code.tex 2025-08-29 v3.1.11a (3.1.11a)
)))
(C:\Users\AFRAA\AppData\Local\Programs\MiKTeX\tex/generic/pgf/frontendlayer/tik
z/libraries\tikzlibrarymatrix.code.tex
File: tikzlibrarymatrix.code.tex 2025-08-29 v3.1.11a (3.1.11a)
)
(C:\Users\AFRAA\AppData\Local\Programs\MiKTeX\tex/latex/geometry\geometry.sty
Package: geometry 2026/03/07 v6.0 Page Geometry

(C:\Users\AFRAA\AppData\Local\Programs\MiKTeX\tex/generic/iftex\ifvtex.sty
Package: ifvtex 2019/10/25 v1.7 ifvtex legacy package. Use iftex instead.

(C:\Users\AFRAA\AppData\Local\Programs\MiKTeX\tex/generic/iftex\iftex.sty
Package: iftex 2024/12/12 v1.0g TeX engine tests
))
\Gm@cnth=\count304
\Gm@cntv=\count305
\c@Gm@tempcnt=\count306
\Gm@bindingoffset=\dimen257
\Gm@wd@mp=\dimen258
\Gm@odd@mp=\dimen259
\Gm@even@mp=\dimen260
\Gm@layoutwidth=\dimen261
\Gm@layoutheight=\dimen262
\Gm@layouthoffset=\dimen263
\Gm@layoutvoffset=\dimen264
\Gm@dimlist=\toks30

(C:\Users\AFRAA\AppData\Local\Programs\MiKTeX\tex/latex/geometry\geometry.cfg))

(C:\Users\AFRAA\AppData\Local\Programs\MiKTeX\tex/latex/l3backend\l3backend-pdf
tex.def
File: l3backend-pdftex.def 2025-10-09 L3 backend support: PDF output (pdfTeX)
\l__color_backend_stack_int=\count307
)
(C:\Users\AFRAA\Desktop\Final Project\examples\latex-examples\src\output\bubble
-sort\bubble-sort.aux)
\openout1 = `bubble-sort.aux'.

LaTeX Font Info:    Checking defaults for OML/cmm/m/it on input line 13.
LaTeX Font Info:    ... okay on input line 13.
LaTeX Font Info:    Checking defaults for OMS/cmsy/m/n on input line 13.
LaTeX Font Info:    ... okay on input line 13.
LaTeX Font Info:    Checking defaults for OT1/cmr/m/n on input line 13.
LaTeX Font Info:    ... okay on input line 13.
LaTeX Font Info:    Checking defaults for T1/cmr/m/n on input line 13.
LaTeX Font Info:    ... okay on input line 13.
LaTeX Font Info:    Checking defaults for TS1/cmr/m/n on input line 13.
LaTeX Font Info:    ... okay on input line 13.
LaTeX Font Info:    Checking defaults for OMX/cmex/m/n on input line 13.
LaTeX Font Info:    ... okay on input line 13.
LaTeX Font Info:    Checking defaults for U/cmr/m/n on input line 13.
LaTeX Font Info:    ... okay on input line 13.

(C:\Users\AFRAA\AppData\Local\Programs\MiKTeX\tex/context/base/mkii\supp-pdf.mk
ii
[Loading MPS to PDF converter (version 2006.09.02).]
\scratchcounter=\count308
\scratchdimen=\dimen265
\scratchbox=\box64
\nofMPsegments=\count309
\nofMParguments=\count310
\everyMPshowfont=\toks31
\MPscratchCnt=\count311
\MPscratchDim=\dimen266
\MPnumerator=\count312
\makeMPintoPDFobject=\count313
\everyMPtoPDFconversion=\toks32
)
(C:\Users\AFRAA\AppData\Local\Programs\MiKTeX\tex/latex/epstopdf-pkg\epstopdf-b
ase.sty
Package: epstopdf-base 2020-01-24 v2.11 Base part for package epstopdf
Package epstopdf-base Info: Redefining graphics rule for `.eps' on input line 4
85.

(C:\Users\AFRAA\AppData\Local\Programs\MiKTeX\tex/latex/00miktex\epstopdf-sys.c
fg
File: epstopdf-sys.cfg 2021/03/18 v2.0 Configuration of epstopdf for MiKTeX
))
*geometry* driver: auto-detecting
*geometry* detected driver: pdftex
*geometry* verbose mode - [ preamble ] result:
* driver: pdftex
* paper: <default>
* layout: <same size as paper>
* layoutoffset:(h,v)=(0.0pt,0.0pt)
* modes: 
* h-part:(L,W,R)=(72.26999pt, 469.75502pt, 72.26999pt)
* v-part:(T,H,B)=(72.26999pt, 650.43001pt, 72.26999pt)
* \paperwidth=614.295pt
* \paperheight=794.96999pt
* \textwidth=469.75502pt
* \textheight=650.43001pt
* \oddsidemargin=0.0pt
* \evensidemargin=0.0pt
* \topmargin=-37.0pt
* \headheight=12.0pt
* \headsep=25.0pt
* \topskip=10.0pt
* \footskip=30.0pt
* \marginparwidth=65.0pt
* \marginparsep=11.0pt
* \columnsep=10.0pt
* \skip\footins=9.0pt plus 4.0pt minus 2.0pt
* \hoffset=0.0pt
* \voffset=0.0pt
* \mag=1000
* \@twocolumnfalse
* \@twosidefalse
* \@mparswitchfalse
* \@reversemarginfalse
* (1in=72.27pt=25.4mm, 1cm=28.453pt)

[1

{C:/Users/AFRAA/AppData/Local/MiKTeX/fonts/map/pdftex/pdftex.map}] [2]
Overfull \hbox (193.1552pt too wide) in paragraph at lines 156--157
 [][] 
 []

[3] [4] [5] [6]
Overfull \hbox (193.1552pt too wide) in paragraph at lines 428--429
 [][] 
 []

[7]
Overfull \hbox (40.90654pt too wide) in paragraph at lines 496--497
 [][] 
 []

[8]
Overfull \hbox (40.90654pt too wide) in paragraph at lines 564--565
 [][] 
 []

[9] [10]
Overfull \hbox (193.1552pt too wide) in paragraph at lines 700--701
 [][] 
 []

[11] [12] [13] [14]
Overfull \hbox (193.1552pt too wide) in paragraph at lines 972--973
 [][] 
 []

[15] [16] [17] [18]
Overfull \hbox (193.1552pt too wide) in paragraph at lines 1244--1245
 [][] 
 []

[19]
Overfull \hbox (40.90654pt too wide) in paragraph at lines 1312--1313
 [][] 
 []

[20]
Overfull \hbox (40.90654pt too wide) in paragraph at lines 1380--1381
 [][] 
 []

[21] [22]
Overfull \hbox (193.1552pt too wide) in paragraph at lines 1516--1517
 [][] 
 []

[23] [24] [25] [26]
Overfull \hbox (193.1552pt too wide) in paragraph at lines 1788--1789
 [][] 
 []

[27] [28] [29] [30]
Overfull \hbox (193.1552pt too wide) in paragraph at lines 2060--2061
 [][] 
 []

[31]
Overfull \hbox (40.90654pt too wide) in paragraph at lines 2128--2129
 [][] 
 []

[32]
Overfull \hbox (40.90654pt too wide) in paragraph at lines 2196--2197
 [][] 
 []

[33] [34]
Overfull \hbox (193.1552pt too wide) in paragraph at lines 2332--2333
 [][] 
 []

[35] [36] [37] [38]
Overfull \hbox (198.40517pt too wide) in paragraph at lines 2604--2605
 [][] 
 []

[39] [40] [41] [42]
Overfull \hbox (203.6551pt too wide) in paragraph at lines 2876--2877
 [][] 
 []

[43] [44] [45] [46]
Overfull \hbox (203.6551pt too wide) in paragraph at lines 3148--3149
 [][] 
 []

[47] [48] [49] [50] [51]
Overfull \hbox (193.1552pt too wide) in paragraph at lines 3488--3489
 [][] 
 []

[52]
Overfull \hbox (40.90654pt too wide) in paragraph at lines 3556--3557
 [][] 
 []

[53]
Overfull \hbox (40.90654pt too wide) in paragraph at lines 3624--3625
 [][] 
 []

[54] [55]
Overfull \hbox (193.1552pt too wide) in paragraph at lines 3760--3761
 [][] 
 []

[56] [57] [58] [59]
Overfull \hbox (193.1552pt too wide) in paragraph at lines 4032--4033
 [][] 
 []

[60]
Overfull \hbox (40.90654pt too wide) in paragraph at lines 4100--4101
 [][] 
 []

[61]
Overfull \hbox (40.90654pt too wide) in paragraph at lines 4168--4169
 [][] 
 []

[62] [63]
Overfull \hbox (193.1552pt too wide) in paragraph at lines 4304--4305
 [][] 
 []

[64]
Overfull \hbox (40.90654pt too wide) in paragraph at lines 4372--4373
 [][] 
 []

[65]
Overfull \hbox (40.90654pt too wide) in paragraph at lines 4440--4441
 [][] 
 []

[66] [67]
Overfull \hbox (193.1552pt too wide) in paragraph at lines 4576--4577
 [][] 
 []

[68] [69] [70] [71]
Overfull \hbox (193.1552pt too wide) in paragraph at lines 4848--4849
 [][] 
 []

[72] [73] [74] [75]
Overfull \hbox (193.1552pt too wide) in paragraph at lines 5120--5121
 [][] 
 []

[76]
Overfull \hbox (40.90654pt too wide) in paragraph at lines 5188--5189
 [][] 
 []

[77]
Overfull \hbox (40.90654pt too wide) in paragraph at lines 5256--5257
 [][] 
 []

[78] [79]
Overfull \hbox (193.1552pt too wide) in paragraph at lines 5392--5393
 [][] 
 []

[80]
Overfull \hbox (40.90654pt too wide) in paragraph at lines 5460--5461
 [][] 
 []

[81]
Overfull \hbox (40.90654pt too wide) in paragraph at lines 5528--5529
 [][] 
 []

[82] [83]
Overfull \hbox (193.1552pt too wide) in paragraph at lines 5664--5665
 [][] 
 []

[84] [85] [86] [87]
Overfull \hbox (198.40517pt too wide) in paragraph at lines 5936--5937
 [][] 
 []

[88] [89] [90] [91]
Overfull \hbox (203.6551pt too wide) in paragraph at lines 6208--6209
 [][] 
 []

[92] [93] [94] [95] [96]
Overfull \hbox (193.1552pt too wide) in paragraph at lines 6548--6549
 [][] 
 []

[97] [98] [99] [100]
Overfull \hbox (193.1552pt too wide) in paragraph at lines 6820--6821
 [][] 
 []

[101]
Overfull \hbox (40.90654pt too wide) in paragraph at lines 6888--6889
 [][] 
 []

[102]
Overfull \hbox (40.90654pt too wide) in paragraph at lines 6956--6957
 [][] 
 []

[103] [104]
Overfull \hbox (193.1552pt too wide) in paragraph at lines 7092--7093
 [][] 
 []

[105]
Overfull \hbox (40.90654pt too wide) in paragraph at lines 7160--7161
 [][] 
 []

[106]
Overfull \hbox (40.90654pt too wide) in paragraph at lines 7228--7229
 [][] 
 []

[107] [108]
Overfull \hbox (193.1552pt too wide) in paragraph at lines 7364--7365
 [][] 
 []

[109] [110] [111] [112]
Overfull \hbox (193.1552pt too wide) in paragraph at lines 7636--7637
 [][] 
 []

[113] [114] [115] [116]
Overfull \hbox (193.1552pt too wide) in paragraph at lines 7908--7909
 [][] 
 []

[117]
Overfull \hbox (40.90654pt too wide) in paragraph at lines 7976--7977
 [][] 
 []

[118]
Overfull \hbox (40.90654pt too wide) in paragraph at lines 8044--8045
 [][] 
 []

[119] [120]
Overfull \hbox (193.1552pt too wide) in paragraph at lines 8180--8181
 [][] 
 []

[121]
Overfull \hbox (40.90654pt too wide) in paragraph at lines 8248--8249
 [][] 
 []

[122]
Overfull \hbox (40.90654pt too wide) in paragraph at lines 8316--8317
 [][] 
 []

[123] [124]
Overfull \hbox (193.1552pt too wide) in paragraph at lines 8452--8453
 [][] 
 []

[125] [126] [127] [128]
Overfull \hbox (193.1552pt too wide) in paragraph at lines 8724--8725
 [][] 
 []

[129] [130] [131] [132]
Overfull \hbox (198.40517pt too wide) in paragraph at lines 8996--8997
 [][] 
 []

[133]
Overfull \hbox (46.15648pt too wide) in paragraph at lines 9064--9065
 [][] 
 []

[134]
Overfull \hbox (46.15648pt too wide) in paragraph at lines 9132--9133
 [][] 
 []

[135] [136] [137]
Overfull \hbox (193.1552pt too wide) in paragraph at lines 9336--9337
 [][] 
 []

[138]
Overfull \hbox (40.90654pt too wide) in paragraph at lines 9404--9405
 [][] 
 []

[139]
Overfull \hbox (40.90654pt too wide) in paragraph at lines 9472--9473
 [][] 
 []

[140] [141]
Overfull \hbox (193.1552pt too wide) in paragraph at lines 9608--9609
 [][] 
 []

[142]
Overfull \hbox (40.90654pt too wide) in paragraph at lines 9676--9677
 [][] 
 []

[143]
Overfull \hbox (40.90654pt too wide) in paragraph at lines 9744--9745
 [][] 
 []

[144] [145]
Overfull \hbox (193.1552pt too wide) in paragraph at lines 9880--9881
 [][] 
 []

[146] [147] [148] [149]
Overfull \hbox (193.1552pt too wide) in paragraph at lines 10152--10153
 [][] 
 []

[150] [151] [152] [153]
Overfull \hbox (193.1552pt too wide) in paragraph at lines 10424--10425
 [][] 
 []

[154]
Overfull \hbox (40.90654pt too wide) in paragraph at lines 10492--10493
 [][] 
 []

[155]
Overfull \hbox (40.90654pt too wide) in paragraph at lines 10560--10561
 [][] 
 []

[156] [157]
Overfull \hbox (193.1552pt too wide) in paragraph at lines 10696--10697
 [][] 
 []

[158]
Overfull \hbox (40.90654pt too wide) in paragraph at lines 10764--10765
 [][] 
 []

[159]
Overfull \hbox (40.90654pt too wide) in paragraph at lines 10832--10833
 [][] 
 []

[160] [161]
Overfull \hbox (193.1552pt too wide) in paragraph at lines 10968--10969
 [][] 
 []

[162] [163] [164] [165]
Overfull \hbox (193.1552pt too wide) in paragraph at lines 11240--11241
 [][] 
 []

[166] [167] [168] [169]
Overfull \hbox (193.1552pt too wide) in paragraph at lines 11512--11513
 [][] 
 []

[170]
Overfull \hbox (40.90654pt too wide) in paragraph at lines 11580--11581
 [][] 
 []

[171]
Overfull \hbox (40.90654pt too wide) in paragraph at lines 11648--11649
 [][] 
 []

[172] [173] [174]
Overfull \hbox (193.1552pt too wide) in paragraph at lines 11852--11853
 [][] 
 []

[175]
Overfull \hbox (40.90654pt too wide) in paragraph at lines 11920--11921
 [][] 
 []

[176]
Overfull \hbox (40.90654pt too wide) in paragraph at lines 11988--11989
 [][] 
 []

[177] [178]
Overfull \hbox (193.1552pt too wide) in paragraph at lines 12124--12125
 [][] 
 []

[179]
Overfull \hbox (40.90654pt too wide) in paragraph at lines 12192--12193
 [][] 
 []

[180]
Overfull \hbox (40.90654pt too wide) in paragraph at lines 12260--12261
 [][] 
 []

[181] [182]
Overfull \hbox (193.1552pt too wide) in paragraph at lines 12396--12397
 [][] 
 []

[183]
Overfull \hbox (40.90654pt too wide) in paragraph at lines 12464--12465
 [][] 
 []

[184]
Overfull \hbox (40.90654pt too wide) in paragraph at lines 12532--12533
 [][] 
 []

[185] [186]
Overfull \hbox (193.1552pt too wide) in paragraph at lines 12668--12669
 [][] 
 []

[187]
Overfull \hbox (40.90654pt too wide) in paragraph at lines 12736--12737
 [][] 
 []

[188]
Overfull \hbox (40.90654pt too wide) in paragraph at lines 12804--12805
 [][] 
 []

[189] [190]
Overfull \hbox (193.1552pt too wide) in paragraph at lines 12940--12941
 [][] 
 []

[191]
Overfull \hbox (40.90654pt too wide) in paragraph at lines 13008--13009
 [][] 
 []

[192]
Overfull \hbox (40.90654pt too wide) in paragraph at lines 13076--13077
 [][] 
 []

[193] [194]
Overfull \hbox (193.1552pt too wide) in paragraph at lines 13212--13213
 [][] 
 []

[195] [196] [197] [198]
Overfull \hbox (193.1552pt too wide) in paragraph at lines 13484--13485
 [][] 
 []

[199] [200] [201] [202]
Overfull \hbox (193.1552pt too wide) in paragraph at lines 13756--13757
 [][] 
 []

[203]
Overfull \hbox (40.90654pt too wide) in paragraph at lines 13824--13825
 [][] 
 []

[204]
Overfull \hbox (40.90654pt too wide) in paragraph at lines 13892--13893
 [][] 
 []

[205] [206] [207]
Overfull \hbox (193.1552pt too wide) in paragraph at lines 14096--14097
 [][] 
 []

[208]
Overfull \hbox (40.90654pt too wide) in paragraph at lines 14164--14165
 [][] 
 []

[209]
Overfull \hbox (40.90654pt too wide) in paragraph at lines 14232--14233
 [][] 
 []

[210] [211]
Overfull \hbox (193.1552pt too wide) in paragraph at lines 14368--14369
 [][] 
 []

[212]
Overfull \hbox (40.90654pt too wide) in paragraph at lines 14436--14437
 [][] 
 []

[213]
Overfull \hbox (40.90654pt too wide) in paragraph at lines 14504--14505
 [][] 
 []

[214] [215]
Overfull \hbox (193.1552pt too wide) in paragraph at lines 14640--14641
 [][] 
 []

[216]
Overfull \hbox (40.90654pt too wide) in paragraph at lines 14708--14709
 [][] 
 []

[217]
Overfull \hbox (40.90654pt too wide) in paragraph at lines 14776--14777
 [][] 
 []

[218] [219]
Overfull \hbox (193.1552pt too wide) in paragraph at lines 14912--14913
 [][] 
 []

[220]
Overfull \hbox (40.90654pt too wide) in paragraph at lines 14980--14981
 [][] 
 []

[221]
Overfull \hbox (40.90654pt too wide) in paragraph at lines 15048--15049
 [][] 
 []

[222] [223]
Overfull \hbox (193.1552pt too wide) in paragraph at lines 15184--15185
 [][] 
 []

[224]
Overfull \hbox (40.90654pt too wide) in paragraph at lines 15252--15253
 [][] 
 []

[225]
Overfull \hbox (40.90654pt too wide) in paragraph at lines 15320--15321
 [][] 
 []

[226] [227]
Overfull \hbox (193.1552pt too wide) in paragraph at lines 15456--15457
 [][] 
 []

[228] [229] [230] [231]
Overfull \hbox (193.1552pt too wide) in paragraph at lines 15728--15729
 [][] 
 []

[232]
Overfull \hbox (40.90654pt too wide) in paragraph at lines 15796--15797
 [][] 
 []

[233]
Overfull \hbox (40.90654pt too wide) in paragraph at lines 15864--15865
 [][] 
 []

[234] [235] [236]
Overfull \hbox (193.1552pt too wide) in paragraph at lines 16068--16069
 [][] 
 []

[237]
Overfull \hbox (40.90654pt too wide) in paragraph at lines 16136--16137
 [][] 
 []

[238]
Overfull \hbox (40.90654pt too wide) in paragraph at lines 16204--16205
 [][] 
 []

[239] [240]
Overfull \hbox (193.1552pt too wide) in paragraph at lines 16340--16341
 [][] 
 []

[241]
Overfull \hbox (40.90654pt too wide) in paragraph at lines 16408--16409
 [][] 
 []

[242]
Overfull \hbox (40.90654pt too wide) in paragraph at lines 16476--16477
 [][] 
 []

[243] [244]
Overfull \hbox (193.1552pt too wide) in paragraph at lines 16612--16613
 [][] 
 []

[245]
Overfull \hbox (40.90654pt too wide) in paragraph at lines 16680--16681
 [][] 
 []

[246]
Overfull \hbox (40.90654pt too wide) in paragraph at lines 16748--16749
 [][] 
 []

[247] [248]
Overfull \hbox (193.1552pt too wide) in paragraph at lines 16884--16885
 [][] 
 []

[249]
Overfull \hbox (40.90654pt too wide) in paragraph at lines 16952--16953
 [][] 
 []

[250]
Overfull \hbox (40.90654pt too wide) in paragraph at lines 17020--17021
 [][] 
 []

[251] [252]
Overfull \hbox (193.1552pt too wide) in paragraph at lines 17156--17157
 [][] 
 []

[253] [254] [255] [256]
Overfull \hbox (193.1552pt too wide) in paragraph at lines 17428--17429
 [][] 
 []

[257]
Overfull \hbox (40.90654pt too wide) in paragraph at lines 17496--17497
 [][] 
 []

[258]
Overfull \hbox (40.90654pt too wide) in paragraph at lines 17564--17565
 [][] 
 []

[259] [260] [261]
Overfull \hbox (193.1552pt too wide) in paragraph at lines 17768--17769
 [][] 
 []

[262]
Overfull \hbox (40.90654pt too wide) in paragraph at lines 17836--17837
 [][] 
 []

[263]
Overfull \hbox (40.90654pt too wide) in paragraph at lines 17904--17905
 [][] 
 []

[264] [265]
Overfull \hbox (193.1552pt too wide) in paragraph at lines 18040--18041
 [][] 
 []

[266]
Overfull \hbox (40.90654pt too wide) in paragraph at lines 18108--18109
 [][] 
 []

[267]
Overfull \hbox (40.90654pt too wide) in paragraph at lines 18176--18177
 [][] 
 []

[268] [269]
Overfull \hbox (193.1552pt too wide) in paragraph at lines 18312--18313
 [][] 
 []

[270]
Overfull \hbox (40.90654pt too wide) in paragraph at lines 18380--18381
 [][] 
 []

[271]
Overfull \hbox (40.90654pt too wide) in paragraph at lines 18448--18449
 [][] 
 []

[272] [273]
Overfull \hbox (193.1552pt too wide) in paragraph at lines 18584--18585
 [][] 
 []

[274]
Overfull \hbox (40.90654pt too wide) in paragraph at lines 18652--18653
 [][] 
 []

[275]
Overfull \hbox (40.90654pt too wide) in paragraph at lines 18720--18721
 [][] 
 []

[276] [277]
Overfull \hbox (193.1552pt too wide) in paragraph at lines 18856--18857
 [][] 
 []

[278]
Overfull \hbox (40.90654pt too wide) in paragraph at lines 18924--18925
 [][] 
 []

[279]
Overfull \hbox (40.90654pt too wide) in paragraph at lines 18992--18993
 [][] 
 []

[280] [281] [282]
Overfull \hbox (193.1552pt too wide) in paragraph at lines 19196--19197
 [][] 
 []

[283]
Overfull \hbox (40.90654pt too wide) in paragraph at lines 19264--19265
 [][] 
 []

[284]
Overfull \hbox (40.90654pt too wide) in paragraph at lines 19332--19333
 [][] 
 []

[285] [286]
Overfull \hbox (193.1552pt too wide) in paragraph at lines 19468--19469
 [][] 
 []

[287]
Overfull \hbox (40.90654pt too wide) in paragraph at lines 19536--19537
 [][] 
 []

[288]
Overfull \hbox (40.90654pt too wide) in paragraph at lines 19604--19605
 [][] 
 []

[289] [290]
Overfull \hbox (193.1552pt too wide) in paragraph at lines 19740--19741
 [][] 
 []

[291]
Overfull \hbox (40.90654pt too wide) in paragraph at lines 19808--19809
 [][] 
 []

[292]
Overfull \hbox (40.90654pt too wide) in paragraph at lines 19876--19877
 [][] 
 []

[293] [294]
Overfull \hbox (193.1552pt too wide) in paragraph at lines 20012--20013
 [][] 
 []

[295]
Overfull \hbox (40.90654pt too wide) in paragraph at lines 20080--20081
 [][] 
 []

[296]
Overfull \hbox (40.90654pt too wide) in paragraph at lines 20148--20149
 [][] 
 []

[297] [298] [299]
Overfull \hbox (193.1552pt too wide) in paragraph at lines 20352--20353
 [][] 
 []

[300]
Overfull \hbox (40.90654pt too wide) in paragraph at lines 20420--20421
 [][] 
 []

[301]
Overfull \hbox (40.90654pt too wide) in paragraph at lines 20488--20489
 [][] 
 []

[302] [303]
Overfull \hbox (193.1552pt too wide) in paragraph at lines 20624--20625
 [][] 
 []

[304]
Overfull \hbox (40.90654pt too wide) in paragraph at lines 20692--20693
 [][] 
 []

[305]
Overfull \hbox (40.90654pt too wide) in paragraph at lines 20760--20761
 [][] 
 []

[306] [307]
Overfull \hbox (193.1552pt too wide) in paragraph at lines 20896--20897
 [][] 
 []

[308]
Overfull \hbox (40.90654pt too wide) in paragraph at lines 20964--20965
 [][] 
 []

[309]
Overfull \hbox (40.90654pt too wide) in paragraph at lines 21032--21033
 [][] 
 []

[310] [311] [312]
Overfull \hbox (193.1552pt too wide) in paragraph at lines 21236--21237
 [][] 
 []

[313]
Overfull \hbox (40.90654pt too wide) in paragraph at lines 21304--21305
 [][] 
 []

[314]
Overfull \hbox (40.90654pt too wide) in paragraph at lines 21372--21373
 [][] 
 []

[315] [316]
Overfull \hbox (193.1552pt too wide) in paragraph at lines 21508--21509
 [][] 
 []

[317]
Overfull \hbox (40.90654pt too wide) in paragraph at lines 21576--21577
 [][] 
 []

[318]
Overfull \hbox (40.90654pt too wide) in paragraph at lines 21644--21645
 [][] 
 []

[319] [320] [321]
Overfull \hbox (193.1552pt too wide) in paragraph at lines 21848--21849
 [][] 
 []

[322]
Overfull \hbox (40.90654pt too wide) in paragraph at lines 21916--21917
 [][] 
 []

[323]
Overfull \hbox (40.90654pt too wide) in paragraph at lines 21984--21985
 [][] 
 []

[324] [325] [326]
(C:\Users\AFRAA\Desktop\Final Project\examples\latex-examples\src\output\bubble
-sort\bubble-sort.aux)
 ***********
LaTeX2e <2025-11-01>
L3 programming layer <2025-12-24>
 ***********
 ) 
Here is how much of TeX's memory you used:
 12408 strings out of 467871
 261115 string characters out of 5418376
 652132 words of memory out of 5000000
 41103 multiletter control sequences out of 15000+600000
 628803 words of font info for 44 fonts, out of 8000000 for 9000
 1141 hyphenation exceptions out of 8191
 102i,6n,107p,432b,599s stack positions out of 10000i,1000n,20000p,200000b,200000s
<C:/Users/AFRAA/AppData/Local/Programs/MiKTeX/fonts/type1/public/amsfonts/cm/
cmbx10.pfb><C:/Users/AFRAA/AppData/Local/Programs/MiKTeX/fonts/type1/public/ams
fonts/cm/cmbx12.pfb><C:/Users/AFRAA/AppData/Local/Programs/MiKTeX/fonts/type1/p
ublic/amsfonts/cm/cmr10.pfb><C:/Users/AFRAA/AppData/Local/Programs/MiKTeX/fonts
/type1/public/amsfonts/cm/cmtt10.pfb>
Output written on "C:\Users\AFRAA\Desktop\Final Project\examples\latex-examples
\src\output\bubble-sort\bubble-sort.pdf" (326 pages, 796184 bytes).
PDF statistics:
 1071 PDF objects out of 1200 (max. 8388607)
 0 named destinations out of 1000 (max. 500000)
 13 words of extra memory for PDF output out of 10000 (max. 10000000)

